ujmezo mezo1 SS20
ujmezo mezo2 IE22
ujmezo mezo3 S*21
ujmezo mezo4 L*00
ujmezo mezo5 SL30
ujmezo mezo6 SE20
ujmezo mezo7 L*00
ujmezo mezo8 SL20
ujmezo mezo9 S*34
ujmezo mezo10 IK20
ujmezo mezo11 I*10
ujmezo mezo12 IA20
ujmezo mezo13 L*00
ujmezo mezo14 IS12
ujmezo mezo15 SA20
ujmezo mezo16 IA22

osszekot mezo1 mezo2
osszekot mezo2 mezo3
osszekot mezo3 mezo4
osszekot mezo1 mezo5
osszekot mezo5 mezo6
osszekot mezo2 mezo6
osszekot mezo6 mezo7
osszekot mezo3 mezo7
osszekot mezo7 mezo8
osszekot mezo4 mezo8
osszekot mezo5 mezo9
osszekot mezo9 mezo10
osszekot mezo6 mezo10
osszekot mezo10 mezo11
osszekot mezo7 mezo11
osszekot mezo11 mezo12
osszekot mezo8 mezo12
osszekot mezo9 mezo13
osszekot mezo13 mezo14
osszekot mezo10 mezo14
osszekot mezo14 mezo15
osszekot mezo11 mezo15
osszekot mezo15 mezo16
osszekot mezo12 mezo16


randomvihar 1
randommedve 0

ujszereplo szereplo1 eszkimo
ujszereplo szereplo2 kutato
ujszereplo szereplo3 kutato
ujszereplo medve0 medve

lehelyez medve0 mezo16
lehelyez szereplo1 mezo6
lehelyez szereplo2 mezo12
lehelyez szereplo3 mezo1

***