ujmezo mezo1 L*00
ujmezo mezo2 L*00
ujmezo mezo3 L*00
ujmezo mezo4 SL10
ujmezo mezo5 L*00
ujmezo mezo6 L*00
ujmezo mezo7 L*00
ujmezo mezo8 L*00
ujmezo mezo9 L*00
ujmezo mezo10 IA23
ujmezo mezo11 SK00
ujmezo mezo12 IA20
ujmezo mezo13 L*00
ujmezo mezo14 L*00
ujmezo mezo15 L*00
ujmezo mezo16 SB22
ujmezo mezo17 IE33
ujmezo mezo18 IK20
ujmezo mezo19 SS20
ujmezo mezo20 SB12
ujmezo mezo21 L*00
ujmezo mezo22 IE30
ujmezo mezo23 SB20
ujmezo mezo24 L*00
ujmezo mezo25 IB21
ujmezo mezo26 I*21
ujmezo mezo27 SE00
ujmezo mezo28 IK10
ujmezo mezo29 L*00
ujmezo mezo30 SL10
ujmezo mezo31 IA21
ujmezo mezo32 SB10
ujmezo mezo33 IE32
ujmezo mezo34 SS10
ujmezo mezo35 L*00
ujmezo mezo36 L*00
ujmezo mezo37 L*00
ujmezo mezo38 IE20
ujmezo mezo39 S*00
ujmezo mezo40 SE00
ujmezo mezo41 L*00
ujmezo mezo42 L*00
ujmezo mezo43 L*00
ujmezo mezo44 L*00
ujmezo mezo45 L*00
ujmezo mezo46 SS12
ujmezo mezo47 L*00
ujmezo mezo48 L*00
ujmezo mezo49 L*00

osszekot mezo4 mezo10
osszekot mezo4 mezo11
osszekot mezo4 mezo12
osszekot mezo10 mezo11
osszekot mezo11 mezo12
osszekot mezo10 mezo16
osszekot mezo10 mezo17
osszekot mezo10 mezo18
osszekot mezo11 mezo17
osszekot mezo11 mezo18
osszekot mezo11 mezo19
osszekot mezo12 mezo18
osszekot mezo12 mezo19
osszekot mezo12 mezo20
osszekot mezo16 mezo17
osszekot mezo17 mezo18
osszekot mezo18 mezo19
osszekot mezo19 mezo20
osszekot mezo16 mezo22
osszekot mezo16 mezo23
osszekot mezo16 mezo24
osszekot mezo17 mezo23
osszekot mezo17 mezo24
osszekot mezo17 mezo25
osszekot mezo18 mezo24
osszekot mezo18 mezo25
osszekot mezo18 mezo26
osszekot mezo19 mezo25
osszekot mezo19 mezo26
osszekot mezo19 mezo27
osszekot mezo20 mezo26
osszekot mezo20 mezo27
osszekot mezo20 mezo28
osszekot mezo22 mezo23
osszekot mezo23 mezo24
osszekot mezo24 mezo25
osszekot mezo25 mezo26
osszekot mezo26 mezo27
osszekot mezo27 mezo28
osszekot mezo22 mezo30
osszekot mezo23 mezo30
osszekot mezo23 mezo31
osszekot mezo24 mezo30
osszekot mezo24 mezo31
osszekot mezo24 mezo32
osszekot mezo25 mezo31
osszekot mezo25 mezo32
osszekot mezo25 mezo33
osszekot mezo26 mezo32
osszekot mezo26 mezo33
osszekot mezo26 mezo34
osszekot mezo27 mezo33
osszekot mezo27 mezo34
osszekot mezo28 mezo34
osszekot mezo30 mezo31
osszekot mezo31 mezo32
osszekot mezo32 mezo33
osszekot mezo33 mezo34
osszekot mezo30 mezo38
osszekot mezo31 mezo38
osszekot mezo31 mezo39
osszekot mezo32 mezo38
osszekot mezo32 mezo39
osszekot mezo32 mezo40
osszekot mezo33 mezo39
osszekot mezo33 mezo40
osszekot mezo34 mezo40
osszekot mezo38 mezo39
osszekot mezo39 mezo40
osszekot mezo38 mezo46
osszekot mezo39 mezo46
osszekot mezo40 mezo46


randomvihar 0
randommedve 1

ujszereplo szereplo1 eszkimo
ujszereplo szereplo2 kutato
ujszereplo szereplo3 kutato
ujszereplo szereplo4 eszkimo
ujszereplo szereplo5 eszkimo
ujszereplo medve0 medve

lehelyez medve0 mezo46
lehelyez szereplo1 mezo16
lehelyez szereplo2 mezo20
lehelyez szereplo3 mezo32
lehelyez szereplo4 mezo34
lehelyez szereplo5 mezo26

***